[dotenv@17.2.3] injecting env (20) from .env -- tip: ΓÜÖ∩╕Å  specify custom .env file path with { path: '/custom/path/.env' }
--- Starting Manual Quiz Creation Test ---
DB Connection Closed.
node : Error: MONGO_URI not 
found in environment 
variables.
At line:1 char:1
+ node test_manual_quiz.js > 
test_output.txt 2>&1
+ ~~~~~~~~~~~~~~~~~~~~~~~~~~~
~~~~~~~~~~~~~~~~~~~~
    + CategoryInfo           
   : NotSpecified: (Error:   
  MONGO_UR...ment variable   
 s.:String) [], RemoteExc    
eption
    + FullyQualifiedErrorId  
   : NativeCommandError
 
